event_handler.cpp:21:1:tkrandom::EventHandler::EventHandler(tkrandom::PcbStatusLed&, tkrandom::RngHandler&, tkrandom::Animation&, tkrandom::DistributionPins&)	8	static
event_handler.cpp:78:6:void tkrandom::EventHandler::Init()	8	static
event_handler.cpp:83:6:void tkrandom::EventHandler::ProcessDistribution()	32	static
event_handler.cpp:40:6:void tkrandom::EventHandler::Run()	8	static
event_handler.cpp:124:6:void tkrandom::EventHandler::SignalEvent(tkrandom::Event)	0	static
event_handler.cpp:146:6:void tkrandom::EventHandler::HandleError()	0	static
