Archive member included to satisfy reference by file (symbol)

/opt/st/stm32cubeide_1.8.0/plugins/com.st.stm32cube.ide.mcu.externaltools.gnu-tools-for-stm32.9-2020-q2-update.linux64_2.0.0.202105311346/tools/bin/../lib/gcc/arm-none-eabi/9.3.1/../../../../arm-none-eabi/lib/thumb/v7e-m+fp/hard/libc_nano.a(lib_a-errno.o)
                              ./Core/Src/syscalls.o (__errno)
/opt/st/stm32cubeide_1.8.0/plugins/com.st.stm32cube.ide.mcu.externaltools.gnu-tools-for-stm32.9-2020-q2-update.linux64_2.0.0.202105311346/tools/bin/../lib/gcc/arm-none-eabi/9.3.1/../../../../arm-none-eabi/lib/thumb/v7e-m+fp/hard/libc_nano.a(lib_a-exit.o)
                              /opt/st/stm32cubeide_1.8.0/plugins/com.st.stm32cube.ide.mcu.externaltools.gnu-tools-for-stm32.9-2020-q2-update.linux64_2.0.0.202105311346/tools/bin/../lib/gcc/arm-none-eabi/9.3.1/../../../../arm-none-eabi/lib/thumb/v7e-m+fp/hard/crt0.o (exit)
/opt/st/stm32cubeide_1.8.0/plugins/com.st.stm32cube.ide.mcu.externaltools.gnu-tools-for-stm32.9-2020-q2-update.linux64_2.0.0.202105311346/tools/bin/../lib/gcc/arm-none-eabi/9.3.1/../../../../arm-none-eabi/lib/thumb/v7e-m+fp/hard/libc_nano.a(lib_a-impure.o)
                              /opt/st/stm32cubeide_1.8.0/plugins/com.st.stm32cube.ide.mcu.externaltools.gnu-tools-for-stm32.9-2020-q2-update.linux64_2.0.0.202105311346/tools/bin/../lib/gcc/arm-none-eabi/9.3.1/../../../../arm-none-eabi/lib/thumb/v7e-m+fp/hard/libc_nano.a(lib_a-exit.o) (_global_impure_ptr)
/opt/st/stm32cubeide_1.8.0/plugins/com.st.stm32cube.ide.mcu.externaltools.gnu-tools-for-stm32.9-2020-q2-update.linux64_2.0.0.202105311346/tools/bin/../lib/gcc/arm-none-eabi/9.3.1/../../../../arm-none-eabi/lib/thumb/v7e-m+fp/hard/libc_nano.a(lib_a-init.o)
                              /opt/st/stm32cubeide_1.8.0/plugins/com.st.stm32cube.ide.mcu.externaltools.gnu-tools-for-stm32.9-2020-q2-update.linux64_2.0.0.202105311346/tools/bin/../lib/gcc/arm-none-eabi/9.3.1/../../../../arm-none-eabi/lib/thumb/v7e-m+fp/hard/crt0.o (__libc_init_array)
/opt/st/stm32cubeide_1.8.0/plugins/com.st.stm32cube.ide.mcu.externaltools.gnu-tools-for-stm32.9-2020-q2-update.linux64_2.0.0.202105311346/tools/bin/../lib/gcc/arm-none-eabi/9.3.1/../../../../arm-none-eabi/lib/thumb/v7e-m+fp/hard/libc_nano.a(lib_a-memset.o)
                              /opt/st/stm32cubeide_1.8.0/plugins/com.st.stm32cube.ide.mcu.externaltools.gnu-tools-for-stm32.9-2020-q2-update.linux64_2.0.0.202105311346/tools/bin/../lib/gcc/arm-none-eabi/9.3.1/../../../../arm-none-eabi/lib/thumb/v7e-m+fp/hard/crt0.o (memset)
/opt/st/stm32cubeide_1.8.0/plugins/com.st.stm32cube.ide.mcu.externaltools.gnu-tools-for-stm32.9-2020-q2-update.linux64_2.0.0.202105311346/tools/bin/../lib/gcc/arm-none-eabi/9.3.1/thumb/v7e-m+fp/hard/libgcc.a(_arm_muldf3.o)
                              ./UserCode/Src/transmitter.o (__aeabi_dmul)
/opt/st/stm32cubeide_1.8.0/plugins/com.st.stm32cube.ide.mcu.externaltools.gnu-tools-for-stm32.9-2020-q2-update.linux64_2.0.0.202105311346/tools/bin/../lib/gcc/arm-none-eabi/9.3.1/thumb/v7e-m+fp/hard/libgcc.a(_arm_addsubdf3.o)
                              ./UserCode/Src/transmitter.o (__aeabi_ui2d)
/opt/st/stm32cubeide_1.8.0/plugins/com.st.stm32cube.ide.mcu.externaltools.gnu-tools-for-stm32.9-2020-q2-update.linux64_2.0.0.202105311346/tools/bin/../lib/gcc/arm-none-eabi/9.3.1/thumb/v7e-m+fp/hard/libgcc.a(_arm_fixunsdfsi.o)
                              ./UserCode/Src/transmitter.o (__aeabi_d2uiz)
/opt/st/stm32cubeide_1.8.0/plugins/com.st.stm32cube.ide.mcu.externaltools.gnu-tools-for-stm32.9-2020-q2-update.linux64_2.0.0.202105311346/tools/bin/../lib/gcc/arm-none-eabi/9.3.1/thumb/v7e-m+fp/hard/libgcc.a(unwind-arm.o)
                              ./Core/Src/main.o (__aeabi_unwind_cpp_pr0)
/opt/st/stm32cubeide_1.8.0/plugins/com.st.stm32cube.ide.mcu.externaltools.gnu-tools-for-stm32.9-2020-q2-update.linux64_2.0.0.202105311346/tools/bin/../lib/gcc/arm-none-eabi/9.3.1/thumb/v7e-m+fp/hard/libgcc.a(libunwind.o)
                              /opt/st/stm32cubeide_1.8.0/plugins/com.st.stm32cube.ide.mcu.externaltools.gnu-tools-for-stm32.9-2020-q2-update.linux64_2.0.0.202105311346/tools/bin/../lib/gcc/arm-none-eabi/9.3.1/thumb/v7e-m+fp/hard/libgcc.a(unwind-arm.o) (restore_core_regs)
/opt/st/stm32cubeide_1.8.0/plugins/com.st.stm32cube.ide.mcu.externaltools.gnu-tools-for-stm32.9-2020-q2-update.linux64_2.0.0.202105311346/tools/bin/../lib/gcc/arm-none-eabi/9.3.1/thumb/v7e-m+fp/hard/libgcc.a(pr-support.o)
                              /opt/st/stm32cubeide_1.8.0/plugins/com.st.stm32cube.ide.mcu.externaltools.gnu-tools-for-stm32.9-2020-q2-update.linux64_2.0.0.202105311346/tools/bin/../lib/gcc/arm-none-eabi/9.3.1/thumb/v7e-m+fp/hard/libgcc.a(unwind-arm.o) (__gnu_unwind_execute)
/opt/st/stm32cubeide_1.8.0/plugins/com.st.stm32cube.ide.mcu.externaltools.gnu-tools-for-stm32.9-2020-q2-update.linux64_2.0.0.202105311346/tools/bin/../lib/gcc/arm-none-eabi/9.3.1/../../../../arm-none-eabi/lib/thumb/v7e-m+fp/hard/libc_nano.a(lib_a-abort.o)
[...]
Memory Configuration

Name             Origin             Length             Attributes
RAM              0x0000000020000000 0x000000000000a000 xrw
RAM2             0x0000000010000000 0x0000000000002000 xrw
FLASH            0x0000000008000000 0x0000000000010000 xr
*default*        0x0000000000000000 0xffffffffffffffff

Linker script and memory map

LOAD /opt/st/stm32cubeide_1.8.0/plugins/com.st.stm32cube.ide.mcu.externaltools.gnu-tools-for-stm32.9-2020-q2-update.linux64_2.0.0.202105311346/tools/bin/../lib/gcc/arm-none-eabi/9.3.1/thumb/v7e-m+fp/hard/crti.o
LOAD /opt/st/stm32cubeide_1.8.0/plugins/com.st.stm32cube.ide.mcu.externaltools.gnu-tools-for-stm32.9-2020-q2-update.linux64_2.0.0.202105311346/tools/bin/../lib/gcc/arm-none-eabi/9.3.1/thumb/v7e-m+fp/hard/crtbegin.o
LOAD /opt/st/stm32cubeide_1.8.0/plugins/com.st.stm32cube.ide.mcu.externaltools.gnu-tools-for-stm32.9-2020-q2-update.linux64_2.0.0.202105311346/tools/bin/../lib/gcc/arm-none-eabi/9.3.1/../../../../arm-none-eabi/lib/thumb/v7e-m+fp/hard/crt0.o
LOAD ./Core/Src/main.o
LOAD ./Core/Src/stm32l4xx_hal_msp.o
LOAD ./Core/Src/stm32l4xx_it.o
LOAD ./Core/Src/syscalls.o
LOAD ./Core/Src/sysmem.o
LOAD ./Core/Src/system_stm32l4xx.o
LOAD ./Core/Startup/startup_stm32l412k8tx.o
LOAD ./Drivers/STM32L4xx_HAL_Driver/Src/stm32l4xx_hal.o
LOAD ./Drivers/STM32L4xx_HAL_Driver/Src/stm32l4xx_hal_cortex.o
LOAD ./Drivers/STM32L4xx_HAL_Driver/Src/stm32l4xx_hal_dma.o
LOAD ./Drivers/STM32L4xx_HAL_Driver/Src/stm32l4xx_hal_dma_ex.o
LOAD ./Drivers/STM32L4xx_HAL_Driver/Src/stm32l4xx_hal_exti.o
LOAD ./Drivers/STM32L4xx_HAL_Driver/Src/stm32l4xx_hal_flash.o
LOAD ./Drivers/STM32L4xx_HAL_Driver/Src/stm32l4xx_hal_flash_ex.o
LOAD ./Drivers/STM32L4xx_HAL_Driver/Src/stm32l4xx_hal_flash_ramfunc.o
LOAD ./Drivers/STM32L4xx_HAL_Driver/Src/stm32l4xx_hal_gpio.o
LOAD ./Drivers/STM32L4xx_HAL_Driver/Src/stm32l4xx_hal_i2c.o
LOAD ./Drivers/STM32L4xx_HAL_Driver/Src/stm32l4xx_hal_i2c_ex.o
LOAD ./Drivers/STM32L4xx_HAL_Driver/Src/stm32l4xx_hal_pwr.o
LOAD ./Drivers/STM32L4xx_HAL_Driver/Src/stm32l4xx_hal_pwr_ex.o
LOAD ./Drivers/STM32L4xx_HAL_Driver/Src/stm32l4xx_hal_rcc.o
LOAD ./Drivers/STM32L4xx_HAL_Driver/Src/stm32l4xx_hal_rcc_ex.o
LOAD ./Drivers/STM32L4xx_HAL_Driver/Src/stm32l4xx_hal_rng.o
LOAD ./Drivers/STM32L4xx_HAL_Driver/Src/stm32l4xx_hal_spi.o
LOAD ./Drivers/STM32L4xx_HAL_Driver/Src/stm32l4xx_hal_spi_ex.o
LOAD ./Drivers/STM32L4xx_HAL_Driver/Src/stm32l4xx_hal_tim.o
LOAD ./Drivers/STM32L4xx_HAL_Driver/Src/stm32l4xx_hal_tim_ex.o
LOAD ./UserCode/Src/animation.o
LOAD ./UserCode/Src/event_handler.o
LOAD ./UserCode/Src/generator.o
LOAD ./UserCode/Src/pcb_status_led.o
LOAD ./UserCode/Src/rng_handler.o
LOAD ./UserCode/Src/transmitter.o
START GROUP
LOAD /opt/st/stm32cubeide_1.8.0/plugins/com.st.stm32cube.ide.mcu.externaltools.gnu-tools-for-stm32.9-2020-q2-update.linux64_2.0.0.202105311346/tools/bin/../lib/gcc/arm-none-eabi/9.3.1/../../../../arm-none-eabi/lib/thumb/v7e-m+fp/hard/libstdc++_nano.a
LOAD /opt/st/stm32cubeide_1.8.0/plugins/com.st.stm32cube.ide.mcu.externaltools.gnu-tools-for-stm32.9-2020-q2-update.linux64_2.0.0.202105311346/tools/bin/../lib/gcc/arm-none-eabi/9.3.1/../../../../arm-none-eabi/lib/thumb/v7e-m+fp/hard/libsupc++_nano.a
END GROUP
LOAD /opt/st/stm32cubeide_1.8.0/plugins/com.st.stm32cube.ide.mcu.externaltools.gnu-tools-for-stm32.9-2020-q2-update.linux64_2.0.0.202105311346/tools/bin/../lib/gcc/arm-none-eabi/9.3.1/../../../../arm-none-eabi/lib/thumb/v7e-m+fp/hard/libstdc++_nano.a
LOAD /opt/st/stm32cubeide_1.8.0/plugins/com.st.stm32cube.ide.mcu.externaltools.gnu-tools-for-stm32.9-2020-q2-update.linux64_2.0.0.202105311346/tools/bin/../lib/gcc/arm-none-eabi/9.3.1/../../../../arm-none-eabi/lib/thumb/v7e-m+fp/hard/libm.a
LOAD /opt/st/stm32cubeide_1.8.0/plugins/com.st.stm32cube.ide.mcu.externaltools.gnu-tools-for-stm32.9-2020-q2-update.linux64_2.0.0.202105311346/tools/bin/../lib/gcc/arm-none-eabi/9.3.1/../../../../arm-none-eabi/lib/thumb/v7e-m+fp/hard/libc_nano.a
START GROUP
LOAD /opt/st/stm32cubeide_1.8.0/plugins/com.st.stm32cube.ide.mcu.externaltools.gnu-tools-for-stm32.9-2020-q2-update.linux64_2.0.0.202105311346/tools/bin/../lib/gcc/arm-none-eabi/9.3.1/thumb/v7e-m+fp/hard/libgcc.a
LOAD /opt/st/stm32cubeide_1.8.0/plugins/com.st.stm32cube.ide.mcu.externaltools.gnu-tools-for-stm32.9-2020-q2-update.linux64_2.0.0.202105311346/tools/bin/../lib/gcc/arm-none-eabi/9.3.1/../../../../arm-none-eabi/lib/thumb/v7e-m+fp/hard/libc_nano.a
END GROUP
START GROUP
LOAD /opt/st/stm32cubeide_1.8.0/plugins/com.st.stm32cube.ide.mcu.externaltools.gnu-tools-for-stm32.9-2020-q2-update.linux64_2.0.0.202105311346/tools/bin/../lib/gcc/arm-none-eabi/9.3.1/thumb/v7e-m+fp/hard/libgcc.a
LOAD /opt/st/stm32cubeide_1.8.0/plugins/com.st.stm32cube.ide.mcu.externaltools.gnu-tools-for-stm32.9-2020-q2-update.linux64_2.0.0.202105311346/tools/bin/../lib/gcc/arm-none-eabi/9.3.1/../../../../arm-none-eabi/lib/thumb/v7e-m+fp/hard/libc_nano.a
LOAD /opt/st/stm32cubeide_1.8.0/plugins/com.st.stm32cube.ide.mcu.externaltools.gnu-tools-for-stm32.9-2020-q2-update.linux64_2.0.0.202105311346/tools/bin/../lib/gcc/arm-none-eabi/9.3.1/../../../../arm-none-eabi/lib/thumb/v7e-m+fp/hard/libnosys.a
END GROUP
START GROUP
LOAD /opt/st/stm32cubeide_1.8.0/plugins/com.st.stm32cube.ide.mcu.externaltools.gnu-tools-for-stm32.9-2020-q2-update.linux64_2.0.0.202105311346/tools/bin/../lib/gcc/arm-none-eabi/9.3.1/thumb/v7e-m+fp/hard/libgcc.a
LOAD /opt/st/stm32cubeide_1.8.0/plugins/com.st.stm32cube.ide.mcu.externaltools.gnu-tools-for-stm32.9-2020-q2-update.linux64_2.0.0.202105311346/tools/bin/../lib/gcc/arm-none-eabi/9.3.1/../../../../arm-none-eabi/lib/thumb/v7e-m+fp/hard/libc_nano.a
LOAD /opt/st/stm32cubeide_1.8.0/plugins/com.st.stm32cube.ide.mcu.externaltools.gnu-tools-for-stm32.9-2020-q2-update.linux64_2.0.0.202105311346/tools/bin/../lib/gcc/arm-none-eabi/9.3.1/../../../../arm-none-eabi/lib/thumb/v7e-m+fp/hard/libnosys.a
END GROUP
LOAD /opt/st/stm32cubeide_1.8.0/plugins/com.st.stm32cube.ide.mcu.externaltools.gnu-tools-for-stm32.9-2020-q2-update.linux64_2.0.0.202105311346/tools/bin/../lib/gcc/arm-none-eabi/9.3.1/thumb/v7e-m+fp/hard/crtend.o
LOAD /opt/st/stm32cubeide_1.8.0/plugins/com.st.stm32cube.ide.mcu.externaltools.gnu-tools-for-stm32.9-2020-q2-update.linux64_2.0.0.202105311346/tools/bin/../lib/gcc/arm-none-eabi/9.3.1/thumb/v7e-m+fp/hard/crtn.o
                0x000000002000a000                _estack = (ORIGIN (RAM) + LENGTH (RAM))
                0x0000000000000200                _Min_Heap_Size = 0x200
                0x0000000000000400                _Min_Stack_Size = 0x400

.isr_vector     0x0000000008000000      0x18c
                0x0000000008000000                . = ALIGN (0x4)
 *(.isr_vector)
 .isr_vector    0x0000000008000000      0x18c ./Core/Startup/startup_stm32l412k8tx.o
                0x0000000008000000                g_pfnVectors
                0x000000000800018c                . = ALIGN (0x4)

.text           0x000000000800018c     0x27b0
                0x000000000800018c                . = ALIGN (0x4)
 *(.text)
 .text          0x000000000800018c       0x40 /opt/st/stm32cubeide_1.8.0/plugins/com.st.stm32cube.ide.mcu.externaltools.gnu-tools-for-stm32.9-2020-q2-update.linux64_2.0.0.202105311346/tools/bin/../lib/gcc/arm-none-eabi/9.3.1/thumb/v7e-m+fp/hard/crtbegin.o
 .text          0x00000000080001cc      0x9b8 /opt/st/stm32cubeide_1.8.0/plugins/com.st.stm32cube.ide.mcu.externaltools.gnu-tools-for-stm32.9-2020-q2-update.linux64_2.0.0.202105311346/tools/bin/../lib/gcc/arm-none-eabi/9.3.1/thumb/v7e-m+fp/hard/libgcc.a(unwind-arm.o)
                0x0000000008000474                _Unwind_GetCFA
                0x0000000008000478                __gnu_Unwind_RaiseException
                0x00000000080004d8                __gnu_Unwind_ForcedUnwind
                0x00000000080004ec                __gnu_Unwind_Resume
                0x0000000008000530                __gnu_Unwind_Resume_or_Rethrow
                0x0000000008000540                _Unwind_Complete
                0x0000000008000544                _Unwind_DeleteException
                0x0000000008000550                _Unwind_VRS_Get
                0x0000000008000598                _Unwind_VRS_Set
                0x00000000080005e0                __gnu_Unwind_Backtrace
                0x0000000008000900                __aeabi_unwind_cpp_pr0
                0x0000000008000904                __aeabi_unwind_cpp_pr1
                0x0000000008000908                __aeabi_unwind_cpp_pr2
                0x000000000800090c                _Unwind_VRS_Pop
 .text          0x0000000008000b84      0x1ac /opt/st/stm32cubeide_1.8.0/plugins/com.st.stm32cube.ide.mcu.externaltools.gnu-tools-for-stm32.9-2020-q2-update.linux64_2.0.0.202105311346/tools/bin/../lib/gcc/arm-none-eabi/9.3.1/thumb/v7e-m+fp/hard/libgcc.a(libunwind.o)
                0x0000000008000b84                __restore_core_regs
                0x0000000008000b84                restore_core_regs
                0x0000000008000b9c                __gnu_Unwind_Restore_VFP
                0x0000000008000ba4                __gnu_Unwind_Save_VFP
                0x0000000008000bac                __gnu_Unwind_Restore_VFP_D
                0x0000000008000bb4                __gnu_Unwind_Save_VFP_D
                0x0000000008000bbc                __gnu_Unwind_Restore_VFP_D_16_to_31
                0x0000000008000bc4                __gnu_Unwind_Save_VFP_D_16_to_31
                0x0000000008000bcc                __gnu_Unwind_Restore_WMMXD
                0x0000000008000c10                __gnu_Unwind_Save_WMMXD
                0x0000000008000c54                __gnu_Unwind_Restore_WMMXC
                0x0000000008000c68                __gnu_Unwind_Save_WMMXC
                0x0000000008000c7c                ___Unwind_RaiseException
                0x0000000008000c7c                _Unwind_RaiseException
                0x0000000008000ca0                ___Unwind_Resume
                0x0000000008000ca0                _Unwind_Resume
                0x0000000008000cc4                _Unwind_Resume_or_Rethrow
                0x0000000008000cc4                ___Unwind_Resume_or_Rethrow
                0x0000000008000ce8                ___Unwind_ForcedUnwind
                0x0000000008000ce8                _Unwind_ForcedUnwind
                0x0000000008000d0c                _Unwind_Backtrace
                0x0000000008000d0c                ___Unwind_Backtrace
 .text          0x0000000008000d30      0x340 /opt/st/stm32cubeide_1.8.0/plugins/com.st.stm32cube.ide.mcu.externaltools.gnu-tools-for-stm32.9-2020-q2-update.linux64_2.0.0.202105311346/tools/bin/../lib/gcc/arm-none-eabi/9.3.1/thumb/v7e-m+fp/hard/libgcc.a(pr-support.o)
                0x0000000008000d88                __gnu_unwind_execute
                0x0000000008001024                __gnu_unwind_frame
                0x0000000008001050                _Unwind_GetRegionStart
                0x000000000800105c                _Unwind_GetLanguageSpecificData
 *(.text*)
 .text._Z18SystemClock_Configv
                0x0000000008001070       0x6c ./Core/Src/main.o
                0x0000000008001070                SystemClock_Config()
 .text.startup.main
                0x00000000080010dc      0x1c8 ./Core/Src/main.o
                0x00000000080010dc                main
 .text.Error_Handler
                0x00000000080012a4        0x4 ./Core/Src/main.o
                0x00000000080012a4                Error_Handler
 .text.HAL_MspInit
                0x00000000080012a8       0x30 ./Core/Src/stm32l4xx_hal_msp.o
                0x00000000080012a8                HAL_MspInit
 .text.HAL_RNG_MspInit
                0x00000000080012d8       0x58 ./Core/Src/stm32l4xx_hal_msp.o
                0x00000000080012d8                HAL_RNG_MspInit
 .text.HAL_SPI_MspInit
                0x0000000008001330       0x70 ./Core/Src/stm32l4xx_hal_msp.o
                0x0000000008001330                HAL_SPI_MspInit
 .text.HAL_TIM_Base_MspInit
                0x00000000080013a0       0x40 ./Core/Src/stm32l4xx_hal_msp.o
                0x00000000080013a0                HAL_TIM_Base_MspInit
 .text.NMI_Handler
                0x00000000080013e0        0x4 ./Core/Src/stm32l4xx_it.o
                0x00000000080013e0                NMI_Handler
 .text.HardFault_Handler
                0x00000000080013e4        0x4 ./Core/Src/stm32l4xx_it.o
                0x00000000080013e4                HardFault_Handler
 .text.MemManage_Handler
                0x00000000080013e8        0x4 ./Core/Src/stm32l4xx_it.o
                0x00000000080013e8                MemManage_Handler
 .text.BusFault_Handler
                0x00000000080013ec        0x4 ./Core/Src/stm32l4xx_it.o
                0x00000000080013ec                BusFault_Handler
 .text.UsageFault_Handler
                0x00000000080013f0        0x4 ./Core/Src/stm32l4xx_it.o
                0x00000000080013f0                UsageFault_Handler
 .text.SVC_Handler
                0x00000000080013f4        0x4 ./Core/Src/stm32l4xx_it.o
                0x00000000080013f4                SVC_Handler
 .text.DebugMon_Handler
                0x00000000080013f8        0x4 ./Core/Src/stm32l4xx_it.o
                0x00000000080013f8                DebugMon_Handler
 .text.PendSV_Handler
                0x00000000080013fc        0x4 ./Core/Src/stm32l4xx_it.o
                0x00000000080013fc                PendSV_Handler
 .text.SysTick_Handler
                0x0000000008001400        0x4 ./Core/Src/stm32l4xx_it.o
                0x0000000008001400                SysTick_Handler
 .text.EXTI1_IRQHandler
                0x0000000008001404        0x8 ./Core/Src/stm32l4xx_it.o
                0x0000000008001404                EXTI1_IRQHandler
 .text.EXTI4_IRQHandler
                0x000000000800140c        0x8 ./Core/Src/stm32l4xx_it.o
                0x000000000800140c                EXTI4_IRQHandler
 .text.EXTI9_5_IRQHandler
                0x0000000008001414       0x18 ./Core/Src/stm32l4xx_it.o
                0x0000000008001414                EXTI9_5_IRQHandler
 .text.EXTI15_10_IRQHandler
                0x000000000800142c        0x8 ./Core/Src/stm32l4xx_it.o
                0x000000000800142c                EXTI15_10_IRQHandler
 .text.TIM6_IRQHandler
                0x0000000008001434        0xc ./Core/Src/stm32l4xx_it.o
                0x0000000008001434                TIM6_IRQHandler
 .text._getpid  0x0000000008001440        0x4 ./Core/Src/syscalls.o
                0x0000000008001440                _getpid
 .text._kill    0x0000000008001444       0x10 ./Core/Src/syscalls.o
                0x0000000008001444                _kill
 .text._exit    0x0000000008001454        0xc ./Core/Src/syscalls.o
                0x0000000008001454                _exit
 .text.SystemInit
                0x0000000008001460       0x14 ./Core/Src/system_stm32l4xx.o
                0x0000000008001460                SystemInit
 .text.Reset_Handler
                0x0000000008001474       0x50 ./Core/Startup/startup_stm32l412k8tx.o
                0x0000000008001474                Reset_Handler
 .text.Default_Handler
                0x00000000080014c4        0x2 ./Core/Startup/startup_stm32l412k8tx.o
                0x00000000080014c4                RTC_Alarm_IRQHandler
                0x00000000080014c4                EXTI2_IRQHandler
                0x00000000080014c4                TIM1_CC_IRQHandler
                0x00000000080014c4                TSC_IRQHandler
                0x00000000080014c4                TAMP_STAMP_IRQHandler
                0x00000000080014c4                EXTI3_IRQHandler
                0x00000000080014c4                LPTIM2_IRQHandler
                0x00000000080014c4                I2C3_ER_IRQHandler
                0x00000000080014c4                EXTI0_IRQHandler
                0x00000000080014c4                I2C2_EV_IRQHandler
                0x00000000080014c4                FPU_IRQHandler
                0x00000000080014c4                TIM1_UP_TIM16_IRQHandler
                0x00000000080014c4                ADC1_2_IRQHandler
                0x00000000080014c4                SPI1_IRQHandler
                0x00000000080014c4                DMA2_Channel2_IRQHandler
                0x00000000080014c4                DMA1_Channel4_IRQHandler
                0x00000000080014c4                USART3_IRQHandler
                0x00000000080014c4                DMA1_Channel7_IRQHandler
                0x00000000080014c4                DMA2_Channel1_IRQHandler
                0x00000000080014c4                QUADSPI_IRQHandler
                0x00000000080014c4                I2C1_EV_IRQHandler
                0x00000000080014c4                DMA1_Channel6_IRQHandler
                0x00000000080014c4                DMA2_Channel4_IRQHandler
                0x00000000080014c4                RCC_IRQHandler
                0x00000000080014c4                TIM1_TRG_COM_IRQHandler
                0x00000000080014c4                DMA1_Channel1_IRQHandler
                0x00000000080014c4                Default_Handler
                0x00000000080014c4                DMA2_Channel7_IRQHandler
                0x00000000080014c4                I2C3_EV_IRQHandler
                0x00000000080014c4                USB_IRQHandler
                0x00000000080014c4                RTC_WKUP_IRQHandler
                0x00000000080014c4                PVD_PVM_IRQHandler
                0x00000000080014c4                SPI2_IRQHandler
                0x00000000080014c4                DMA2_Channel5_IRQHandler
                0x00000000080014c4                CRS_IRQHandler
                0x00000000080014c4                DMA1_Channel5_IRQHandler
                0x00000000080014c4                RNG_IRQHandler
                0x00000000080014c4                DMA1_Channel3_IRQHandler
                0x00000000080014c4                COMP_IRQHandler
                0x00000000080014c4                WWDG_IRQHandler
                0x00000000080014c4                LPUART1_IRQHandler
                0x00000000080014c4                DMA2_Channel6_IRQHandler
                0x00000000080014c4                TIM2_IRQHandler
                0x00000000080014c4                USART2_IRQHandler
                0x00000000080014c4                I2C2_ER_IRQHandler
                0x00000000080014c4                DMA1_Channel2_IRQHandler
                0x00000000080014c4                FLASH_IRQHandler
                0x00000000080014c4                USART1_IRQHandler
                0x00000000080014c4                I2C1_ER_IRQHandler
                0x00000000080014c4                LPTIM1_IRQHandler
                0x00000000080014c4                DMA2_Channel3_IRQHandler
                0x00000000080014c4                TIM1_BRK_TIM15_IRQHandler
 *fill*         0x00000000080014c6        0x2 
 .text.HAL_InitTick
                0x00000000080014c8       0x4c ./Drivers/STM32L4xx_HAL_Driver/Src/stm32l4xx_hal.o
                0x00000000080014c8                HAL_InitTick
 .text.HAL_Init
                0x0000000008001514       0x20 ./Drivers/STM32L4xx_HAL_Driver/Src/stm32l4xx_hal.o
                0x0000000008001514                HAL_Init
 .text.HAL_IncTick
                0x0000000008001534       0x18 ./Drivers/STM32L4xx_HAL_Driver/Src/stm32l4xx_hal.o
                0x0000000008001534                HAL_IncTick
 .text.HAL_GetTick
                0x000000000800154c        0xc ./Drivers/STM32L4xx_HAL_Driver/Src/stm32l4xx_hal.o
                0x000000000800154c                HAL_GetTick
 .text.HAL_NVIC_SetPriorityGrouping
                0x0000000008001558       0x28 ./Drivers/STM32L4xx_HAL_Driver/Src/stm32l4xx_hal_cortex.o
                0x0000000008001558                HAL_NVIC_SetPriorityGrouping
 .text.HAL_NVIC_SetPriority
                0x0000000008001580       0x70 ./Drivers/STM32L4xx_HAL_Driver/Src/stm32l4xx_hal_cortex.o
                0x0000000008001580                HAL_NVIC_SetPriority
 .text.HAL_NVIC_EnableIRQ
                0x00000000080015f0       0x1c ./Drivers/STM32L4xx_HAL_Driver/Src/stm32l4xx_hal_cortex.o
                0x00000000080015f0                HAL_NVIC_EnableIRQ
 .text.HAL_SYSTICK_Config
                0x000000000800160c       0x34 ./Drivers/STM32L4xx_HAL_Driver/Src/stm32l4xx_hal_cortex.o
                0x000000000800160c                HAL_SYSTICK_Config
 .text.HAL_GPIO_Init
                0x0000000008001640      0x1d0 ./Drivers/STM32L4xx_HAL_Driver/Src/stm32l4xx_hal_gpio.o
                0x0000000008001640                HAL_GPIO_Init
 .text.HAL_GPIO_WritePin
                0x0000000008001810        0xc ./Drivers/STM32L4xx_HAL_Driver/Src/stm32l4xx_hal_gpio.o
                0x0000000008001810                HAL_GPIO_WritePin
 .text.HAL_GPIO_EXTI_Callback
                0x000000000800181c        0x4 ./Drivers/STM32L4xx_HAL_Driver/Src/stm32l4xx_hal_gpio.o
                0x000000000800181c                HAL_GPIO_EXTI_Callback
 .text.HAL_GPIO_EXTI_IRQHandler
                0x0000000008001820       0x18 ./Drivers/STM32L4xx_HAL_Driver/Src/stm32l4xx_hal_gpio.o
                0x0000000008001820                HAL_GPIO_EXTI_IRQHandler
 .text.HAL_PWREx_GetVoltageRange
                0x0000000008001838       0x10 ./Drivers/STM32L4xx_HAL_Driver/Src/stm32l4xx_hal_pwr_ex.o
                0x0000000008001838                HAL_PWREx_GetVoltageRange
 .text.HAL_PWREx_ControlVoltageScaling
                0x0000000008001848       0x90 ./Drivers/STM32L4xx_HAL_Driver/Src/stm32l4xx_hal_pwr_ex.o
                0x0000000008001848                HAL_PWREx_ControlVoltageScaling
 .text.RCC_SetFlashLatencyFromMSIRange
                0x00000000080018d8       0x8c ./Drivers/STM32L4xx_HAL_Driver/Src/stm32l4xx_hal_rcc.o
 .text.HAL_RCC_GetSysClockFreq
                0x0000000008001964       0xb4 ./Drivers/STM32L4xx_HAL_Driver/Src/stm32l4xx_hal_rcc.o
                0x0000000008001964                HAL_RCC_GetSysClockFreq
 .text.HAL_RCC_OscConfig
                0x0000000008001a18      0x664 ./Drivers/STM32L4xx_HAL_Driver/Src/stm32l4xx_hal_rcc.o
                0x0000000008001a18                HAL_RCC_OscConfig
 .text.HAL_RCC_ClockConfig
                0x000000000800207c      0x130 ./Drivers/STM32L4xx_HAL_Driver/Src/stm32l4xx_hal_rcc.o
                0x000000000800207c                HAL_RCC_ClockConfig
 .text.HAL_RCCEx_PeriphCLKConfig
                0x00000000080021ac      0x200 ./Drivers/STM32L4xx_HAL_Driver/Src/stm32l4xx_hal_rcc_ex.o
                0x00000000080021ac                HAL_RCCEx_PeriphCLKConfig
 .text.HAL_RNG_Init
                0x00000000080023ac       0x74 ./Drivers/STM32L4xx_HAL_Driver/Src/stm32l4xx_hal_rng.o
                0x00000000080023ac                HAL_RNG_Init
 .text.HAL_SPI_Init
                0x0000000008002420      0x104 ./Drivers/STM32L4xx_HAL_Driver/Src/stm32l4xx_hal_spi.o
                0x0000000008002420                HAL_SPI_Init
 .text.HAL_TIM_Base_Init
                0x0000000008002524       0xe8 ./Drivers/STM32L4xx_HAL_Driver/Src/stm32l4xx_hal_tim.o
                0x0000000008002524                HAL_TIM_Base_Init
 .text.HAL_TIM_PeriodElapsedCallback
                0x000000000800260c        0x4 ./Drivers/STM32L4xx_HAL_Driver/Src/stm32l4xx_hal_tim.o
                0x000000000800260c                HAL_TIM_PeriodElapsedCallback
 .text.HAL_TIM_OC_DelayElapsedCallback
                0x0000000008002610        0x4 ./Drivers/STM32L4xx_HAL_Driver/Src/stm32l4xx_hal_tim.o
                0x0000000008002610                HAL_TIM_OC_DelayElapsedCallback
 .text.HAL_TIM_IC_CaptureCallback
                0x0000000008002614        0x4 ./Drivers/STM32L4xx_HAL_Driver/Src/stm32l4xx_hal_tim.o
                0x0000000008002614                HAL_TIM_IC_CaptureCallback
 .text.HAL_TIM_PWM_PulseFinishedCallback
                0x0000000008002618        0x4 ./Drivers/STM32L4xx_HAL_Driver/Src/stm32l4xx_hal_tim.o
                0x0000000008002618                HAL_TIM_PWM_PulseFinishedCallback
 .text.HAL_TIM_TriggerCallback
                0x000000000800261c        0x4 ./Drivers/STM32L4xx_HAL_Driver/Src/stm32l4xx_hal_tim.o
                0x000000000800261c                HAL_TIM_TriggerCallback
 .text.HAL_TIM_IRQHandler
                0x0000000008002620      0x170 ./Drivers/STM32L4xx_HAL_Driver/Src/stm32l4xx_hal_tim.o
                0x0000000008002620                HAL_TIM_IRQHandler
 .text.HAL_TIMEx_MasterConfigSynchronization
                0x0000000008002790       0x70 ./Drivers/STM32L4xx_HAL_Driver/Src/stm32l4xx_hal_tim_ex.o
                0x0000000008002790                HAL_TIMEx_MasterConfigSynchronization
 .text.HAL_TIMEx_CommutCallback
                0x0000000008002800        0x4 ./Drivers/STM32L4xx_HAL_Driver/Src/stm32l4xx_hal_tim_ex.o
                0x0000000008002800                HAL_TIMEx_CommutCallback
 .text.HAL_TIMEx_BreakCallback
                0x0000000008002804        0x4 ./Drivers/STM32L4xx_HAL_Driver/Src/stm32l4xx_hal_tim_ex.o
                0x0000000008002804                HAL_TIMEx_BreakCallback
 .text.HAL_TIMEx_Break2Callback
                0x0000000008002808        0x4 ./Drivers/STM32L4xx_HAL_Driver/Src/stm32l4xx_hal_tim_ex.o
                0x0000000008002808                HAL_TIMEx_Break2Callback
 .text.__errno  0x000000000800280c        0xc /opt/st/stm32cubeide_1.8.0/plugins/com.st.stm32cube.ide.mcu.externaltools.gnu-tools-for-stm32.9-2020-q2-update.linux64_2.0.0.202105311346/tools/bin/../lib/gcc/arm-none-eabi/9.3.1/../../../../arm-none-eabi/lib/thumb/v7e-m+fp/hard/libc_nano.a(lib_a-errno.o)
                0x000000000800280c                __errno
 .text.__libc_init_array
                0x0000000008002818       0x48 /opt/st/stm32cubeide_1.8.0/plugins/com.st.stm32cube.ide.mcu.externaltools.gnu-tools-for-stm32.9-2020-q2-update.linux64_2.0.0.202105311346/tools/bin/../lib/gcc/arm-none-eabi/9.3.1/../../../../arm-none-eabi/lib/thumb/v7e-m+fp/hard/libc_nano.a(lib_a-init.o)
                0x0000000008002818                __libc_init_array
 .text.memset   0x0000000008002860       0x10 /opt/st/stm32cubeide_1.8.0/plugins/com.st.stm32cube.ide.mcu.externaltools.gnu-tools-for-stm32.9-2020-q2-update.linux64_2.0.0.202105311346/tools/bin/../lib/gcc/arm-none-eabi/9.3.1/../../../../arm-none-eabi/lib/thumb/v7e-m+fp/hard/libc_nano.a(lib_a-memset.o)
                0x0000000008002860                memset
 .text.abort    0x0000000008002870        0xe /opt/st/stm32cubeide_1.8.0/plugins/com.st.stm32cube.ide.mcu.externaltools.gnu-tools-for-stm32.9-2020-q2-update.linux64_2.0.0.202105311346/tools/bin/../lib/gcc/arm-none-eabi/9.3.1/../../../../arm-none-eabi/lib/thumb/v7e-m+fp/hard/libc_nano.a(lib_a-abort.o)
                0x0000000008002870                abort
 .text.memcpy   0x000000000800287e       0x1c /opt/st/stm32cubeide_1.8.0/plugins/com.st.stm32cube.ide.mcu.externaltools.gnu-tools-for-stm32.9-2020-q2-update.linux64_2.0.0.202105311346/tools/bin/../lib/gcc/arm-none-eabi/9.3.1/../../../../arm-none-eabi/lib/thumb/v7e-m+fp/hard/libc_nano.a(lib_a-memcpy-stub.o)
                0x000000000800287e                memcpy
 .text._raise_r
                0x000000000800289a       0x50 /opt/st/stm32cubeide_1.8.0/plugins/com.st.stm32cube.ide.mcu.externaltools.gnu-tools-for-stm32.9-2020-q2-update.linux64_2.0.0.202105311346/tools/bin/../lib/gcc/arm-none-eabi/9.3.1/../../../../arm-none-eabi/lib/thumb/v7e-m+fp/hard/libc_nano.a(lib_a-signal.o)
                0x000000000800289a                _raise_r
 *fill*         0x00000000080028ea        0x2 
 .text.raise    0x00000000080028ec       0x10 /opt/st/stm32cubeide_1.8.0/plugins/com.st.stm32cube.ide.mcu.externaltools.gnu-tools-for-stm32.9-2020-q2-update.linux64_2.0.0.202105311346/tools/bin/../lib/gcc/arm-none-eabi/9.3.1/../../../../arm-none-eabi/lib/thumb/v7e-m+fp/hard/libc_nano.a(lib_a-signal.o)
                0x00000000080028ec                raise
 .text._kill_r  0x00000000080028fc       0x24 /opt/st/stm32cubeide_1.8.0/plugins/com.st.stm32cube.ide.mcu.externaltools.gnu-tools-for-stm32.9-2020-q2-update.linux64_2.0.0.202105311346/tools/bin/../lib/gcc/arm-none-eabi/9.3.1/../../../../arm-none-eabi/lib/thumb/v7e-m+fp/hard/libc_nano.a(lib_a-signalr.o)
                0x00000000080028fc                _kill_r
 .text._getpid_r
                0x0000000008002920        0x4 /opt/st/stm32cubeide_1.8.0/plugins/com.st.stm32cube.ide.mcu.externaltools.gnu-tools-for-stm32.9-2020-q2-update.linux64_2.0.0.202105311346/tools/bin/../lib/gcc/arm-none-eabi/9.3.1/../../../../arm-none-eabi/lib/thumb/v7e-m+fp/hard/libc_nano.a(lib_a-signalr.o)
                0x0000000008002920                _getpid_r
 *(.glue_7)
 .glue_7        0x0000000008002924        0x0 linker stubs
 *(.glue_7t)
 .glue_7t       0x0000000008002924        0x0 linker stubs
 *(.eh_frame)
 .eh_frame      0x0000000008002924        0x0 /opt/st/stm32cubeide_1.8.0/plugins/com.st.stm32cube.ide.mcu.externaltools.gnu-tools-for-stm32.9-2020-q2-update.linux64_2.0.0.202105311346/tools/bin/../lib/gcc/arm-none-eabi/9.3.1/thumb/v7e-m+fp/hard/crtbegin.o
 *(.init)
 .init          0x0000000008002924        0x4 /opt/st/stm32cubeide_1.8.0/plugins/com.st.stm32cube.ide.mcu.externaltools.gnu-tools-for-stm32.9-2020-q2-update.linux64_2.0.0.202105311346/tools/bin/../lib/gcc/arm-none-eabi/9.3.1/thumb/v7e-m+fp/hard/crti.o
                0x0000000008002924                _init
 .init          0x0000000008002928        0x8 /opt/st/stm32cubeide_1.8.0/plugins/com.st.stm32cube.ide.mcu.externaltools.gnu-tools-for-stm32.9-2020-q2-update.linux64_2.0.0.202105311346/tools/bin/../lib/gcc/arm-none-eabi/9.3.1/thumb/v7e-m+fp/hard/crtn.o
 *(.fini)
 .fini          0x0000000008002930        0x4 /opt/st/stm32cubeide_1.8.0/plugins/com.st.stm32cube.ide.mcu.externaltools.gnu-tools-for-stm32.9-2020-q2-update.linux64_2.0.0.202105311346/tools/bin/../lib/gcc/arm-none-eabi/9.3.1/thumb/v7e-m+fp/hard/crti.o
                0x0000000008002930                _fini
 .fini          0x0000000008002934        0x8 /opt/st/stm32cubeide_1.8.0/plugins/com.st.stm32cube.ide.mcu.externaltools.gnu-tools-for-stm32.9-2020-q2-update.linux64_2.0.0.202105311346/tools/bin/../lib/gcc/arm-none-eabi/9.3.1/thumb/v7e-m+fp/hard/crtn.o
                0x000000000800293c                . = ALIGN (0x4)
                0x000000000800293c                _etext = .

.vfp11_veneer   0x000000000800293c        0x0
 .vfp11_veneer  0x000000000800293c        0x0 linker stubs

.v4_bx          0x000000000800293c        0x0
 .v4_bx         0x000000000800293c        0x0 linker stubs

.iplt           0x000000000800293c        0x0
 .iplt          0x000000000800293c        0x0 /opt/st/stm32cubeide_1.8.0/plugins/com.st.stm32cube.ide.mcu.externaltools.gnu-tools-for-stm32.9-2020-q2-update.linux64_2.0.0.202105311346/tools/bin/../lib/gcc/arm-none-eabi/9.3.1/thumb/v7e-m+fp/hard/crtbegin.o

.rodata         0x000000000800293c       0x40
                0x000000000800293c                . = ALIGN (0x4)
 *(.rodata)
 *(.rodata*)
 .rodata.AHBPrescTable
                0x000000000800293c       0x10 ./Core/Src/system_stm32l4xx.o
                0x000000000800293c                AHBPrescTable
 .rodata.MSIRangeTable
                0x000000000800294c       0x30 ./Core/Src/system_stm32l4xx.o
                0x000000000800294c                MSIRangeTable
                0x000000000800297c                . = ALIGN (0x4)

.ARM.extab      0x000000000800297c       0x18
                0x000000000800297c                . = ALIGN (0x4)
 *(.ARM.extab* .gnu.linkonce.armextab.*)
 .ARM.extab     0x000000000800297c       0x18 /opt/st/stm32cubeide_1.8.0/plugins/com.st.stm32cube.ide.mcu.externaltools.gnu-tools-for-stm32.9-2020-q2-update.linux64_2.0.0.202105311346/tools/bin/../lib/gcc/arm-none-eabi/9.3.1/thumb/v7e-m+fp/hard/libgcc.a(pr-support.o)
                0x0000000008002994                . = ALIGN (0x4)

.ARM            0x0000000008002994       0xc8
                0x0000000008002994                . = ALIGN (0x4)
                0x0000000008002994                __exidx_start = .
 *(.ARM.exidx*)
 .ARM.exidx.text._Z18SystemClock_Configv
                0x0000000008002a44        0x8 ./Core/Src/main.o
 .ARM.exidx.text.startup.main
                0x0000000008002a4c        0x8 ./Core/Src/main.o
 .ARM.exidx.text.Error_Handler
                0x0000000008002a54        0x8 ./Core/Src/main.o
 .ARM.exidx     0x0000000008002994       0x80 /opt/st/stm32cubeide_1.8.0/plugins/com.st.stm32cube.ide.mcu.externaltools.gnu-tools-for-stm32.9-2020-q2-update.linux64_2.0.0.202105311346/tools/bin/../lib/gcc/arm-none-eabi/9.3.1/thumb/v7e-m+fp/hard/libgcc.a(unwind-arm.o)
                                         0xd8 (size before relaxing)
 .ARM.exidx     0x0000000008002a14       0x30 /opt/st/stm32cubeide_1.8.0/plugins/com.st.stm32cube.ide.mcu.externaltools.gnu-tools-for-stm32.9-2020-q2-update.linux64_2.0.0.202105311346/tools/bin/../lib/gcc/arm-none-eabi/9.3.1/thumb/v7e-m+fp/hard/libgcc.a(pr-support.o)
                                         0x38 (size before relaxing)
                0x0000000008002a5c                __exidx_end = .
                0x0000000008002a5c                . = ALIGN (0x4)

.rel.dyn        0x0000000008002a5c        0x0
 .rel.iplt      0x0000000008002a5c        0x0 /opt/st/stm32cubeide_1.8.0/plugins/com.st.stm32cube.ide.mcu.externaltools.gnu-tools-for-stm32.9-2020-q2-update.linux64_2.0.0.202105311346/tools/bin/../lib/gcc/arm-none-eabi/9.3.1/thumb/v7e-m+fp/hard/crtbegin.o

.preinit_array  0x0000000008002a5c        0x0
                0x0000000008002a5c                . = ALIGN (0x4)
                0x0000000008002a5c                PROVIDE (__preinit_array_start = .)
 *(.preinit_array*)
                0x0000000008002a5c                PROVIDE (__preinit_array_end = .)
                0x0000000008002a5c                . = ALIGN (0x4)

.init_array     0x0000000008002a5c        0x4
                0x0000000008002a5c                . = ALIGN (0x4)
                0x0000000008002a5c                PROVIDE (__init_array_start = .)
 *(SORT_BY_NAME(.init_array.*))
 *(.init_array*)
 .init_array    0x0000000008002a5c        0x4 /opt/st/stm32cubeide_1.8.0/plugins/com.st.stm32cube.ide.mcu.externaltools.gnu-tools-for-stm32.9-2020-q2-update.linux64_2.0.0.202105311346/tools/bin/../lib/gcc/arm-none-eabi/9.3.1/thumb/v7e-m+fp/hard/crtbegin.o
                0x0000000008002a60                PROVIDE (__init_array_end = .)
                0x0000000008002a60                . = ALIGN (0x4)

.fini_array     0x0000000008002a60        0x4
                0x0000000008002a60                . = ALIGN (0x4)
                [!provide]                        PROVIDE (__fini_array_start = .)
 *(SORT_BY_NAME(.fini_array.*))
 *(.fini_array*)
 .fini_array    0x0000000008002a60        0x4 /opt/st/stm32cubeide_1.8.0/plugins/com.st.stm32cube.ide.mcu.externaltools.gnu-tools-for-stm32.9-2020-q2-update.linux64_2.0.0.202105311346/tools/bin/../lib/gcc/arm-none-eabi/9.3.1/thumb/v7e-m+fp/hard/crtbegin.o
                [!provide]                        PROVIDE (__fini_array_end = .)
                0x0000000008002a64                . = ALIGN (0x4)
                0x0000000008002a64                _sidata = LOADADDR (.data)

.data           0x0000000020000000       0x70 load address 0x0000000008002a64
                0x0000000020000000                . = ALIGN (0x4)
                0x0000000020000000                _sdata = .
 *(.data)
 *(.data*)
 .data.SystemCoreClock
                0x0000000020000000        0x4 ./Core/Src/system_stm32l4xx.o
                0x0000000020000000                SystemCoreClock
 .data.uwTickFreq
                0x0000000020000004        0x1 ./Drivers/STM32L4xx_HAL_Driver/Src/stm32l4xx_hal.o
                0x0000000020000004                uwTickFreq
 *fill*         0x0000000020000005        0x3 
 .data.uwTickPrio
                0x0000000020000008        0x4 ./Drivers/STM32L4xx_HAL_Driver/Src/stm32l4xx_hal.o
                0x0000000020000008                uwTickPrio
 .data._impure_ptr
                0x000000002000000c        0x4 /opt/st/stm32cubeide_1.8.0/plugins/com.st.stm32cube.ide.mcu.externaltools.gnu-tools-for-stm32.9-2020-q2-update.linux64_2.0.0.202105311346/tools/bin/../lib/gcc/arm-none-eabi/9.3.1/../../../../arm-none-eabi/lib/thumb/v7e-m+fp/hard/libc_nano.a(lib_a-impure.o)
                0x000000002000000c                _impure_ptr
 .data.impure_data
                0x0000000020000010       0x60 /opt/st/stm32cubeide_1.8.0/plugins/com.st.stm32cube.ide.mcu.externaltools.gnu-tools-for-stm32.9-2020-q2-update.linux64_2.0.0.202105311346/tools/bin/../lib/gcc/arm-none-eabi/9.3.1/../../../../arm-none-eabi/lib/thumb/v7e-m+fp/hard/libc_nano.a(lib_a-impure.o)
 *(.RamFunc)
 *(.RamFunc*)
                0x0000000020000070                . = ALIGN (0x4)
                0x0000000020000070                _edata = .

.igot.plt       0x0000000020000070        0x0 load address 0x0000000008002ad4
 .igot.plt      0x0000000020000070        0x0 /opt/st/stm32cubeide_1.8.0/plugins/com.st.stm32cube.ide.mcu.externaltools.gnu-tools-for-stm32.9-2020-q2-update.linux64_2.0.0.202105311346/tools/bin/../lib/gcc/arm-none-eabi/9.3.1/thumb/v7e-m+fp/hard/crtbegin.o
                0x0000000020000070                . = ALIGN (0x4)

.bss            0x0000000020000070       0xe4 load address 0x0000000008002ad4
                0x0000000020000070                _sbss = .
                0x0000000020000070                __bss_start__ = _sbss
 *(.bss)
 .bss           0x0000000020000070       0x1c /opt/st/stm32cubeide_1.8.0/plugins/com.st.stm32cube.ide.mcu.externaltools.gnu-tools-for-stm32.9-2020-q2-update.linux64_2.0.0.202105311346/tools/bin/../lib/gcc/arm-none-eabi/9.3.1/thumb/v7e-m+fp/hard/crtbegin.o
 *(.bss*)
 .bss.hrng      0x000000002000008c       0x10 ./Core/Src/main.o
                0x000000002000008c                hrng
 .bss.hspi1     0x000000002000009c       0x64 ./Core/Src/main.o
                0x000000002000009c                hspi1
 .bss.htim6     0x0000000020000100       0x4c ./Core/Src/main.o
                0x0000000020000100                htim6
 *(COMMON)
 COMMON         0x000000002000014c        0x4 ./Drivers/STM32L4xx_HAL_Driver/Src/stm32l4xx_hal.o
                0x000000002000014c                uwTick
 COMMON         0x0000000020000150        0x4 /opt/st/stm32cubeide_1.8.0/plugins/com.st.stm32cube.ide.mcu.externaltools.gnu-tools-for-stm32.9-2020-q2-update.linux64_2.0.0.202105311346/tools/bin/../lib/gcc/arm-none-eabi/9.3.1/../../../../arm-none-eabi/lib/thumb/v7e-m+fp/hard/libc_nano.a(lib_a-reent.o)
                0x0000000020000150                errno
                0x0000000020000154                . = ALIGN (0x4)
                0x0000000020000154                _ebss = .
                0x0000000020000154                __bss_end__ = _ebss

._user_heap_stack
                0x0000000020000154      0x604 load address 0x0000000008002ad4
                0x0000000020000158                . = ALIGN (0x8)
 *fill*         0x0000000020000154        0x4 
                [!provide]                        PROVIDE (end = .)
                0x0000000020000158                PROVIDE (_end = .)
                0x0000000020000358                . = (. + _Min_Heap_Size)
 *fill*         0x0000000020000158      0x200 
                0x0000000020000758                . = (. + _Min_Stack_Size)
 *fill*         0x0000000020000358      0x400 
                0x0000000020000758                . = ALIGN (0x8)

/DISCARD/
 libc.a(*)
 libm.a(*)
 libgcc.a(*)

.ARM.attributes
                0x0000000000000000       0x30
 *(.ARM.attributes)
 .ARM.attributes
                0x0000000000000000       0x1e /opt/st/stm32cubeide_1.8.0/plugins/com.st.stm32cube.ide.mcu.externaltools.gnu-tools-for-stm32.9-2020-q2-update.linux64_2.0.0.202105311346/tools/bin/../lib/gcc/arm-none-eabi/9.3.1/thumb/v7e-m+fp/hard/crti.o
 .ARM.attributes
                0x000000000000001e       0x34 /opt/st/stm32cubeide_1.8.0/plugins/com.st.stm32cube.ide.mcu.externaltools.gnu-tools-for-stm32.9-2020-q2-update.linux64_2.0.0.202105311346/tools/bin/../lib/gcc/arm-none-eabi/9.3.1/thumb/v7e-m+fp/hard/crtbegin.o
 .ARM.attributes
                0x0000000000000052       0x30 ./Core/Src/main.o
 .ARM.attributes
                0x0000000000000082       0x30 ./Core/Src/stm32l4xx_hal_msp.o
 .ARM.attributes
                0x00000000000000b2       0x30 ./Core/Src/stm32l4xx_it.o
 .ARM.attributes
                0x00000000000000e2       0x30 ./Core/Src/system_stm32l4xx.o
 .ARM.attributes
                0x0000000000000112       0x21 ./Core/Startup/startup_stm32l412k8tx.o
 .ARM.attributes
                0x0000000000000133       0x30 ./Drivers/STM32L4xx_HAL_Driver/Src/stm32l4xx_hal.o
 .ARM.attributes
                0x0000000000000163       0x30 ./Drivers/STM32L4xx_HAL_Driver/Src/stm32l4xx_hal_cortex.o
 .ARM.attributes
                0x0000000000000193       0x30 ./Drivers/STM32L4xx_HAL_Driver/Src/stm32l4xx_hal_gpio.o
 .ARM.attributes
                0x00000000000001c3       0x30 ./Drivers/STM32L4xx_HAL_Driver/Src/stm32l4xx_hal_pwr_ex.o
 .ARM.attributes
                0x00000000000001f3       0x30 ./Drivers/STM32L4xx_HAL_Driver/Src/stm32l4xx_hal_rcc.o
 .ARM.attributes
                0x0000000000000223       0x30 ./Drivers/STM32L4xx_HAL_Driver/Src/stm32l4xx_hal_rcc_ex.o
 .ARM.attributes
                0x0000000000000253       0x30 ./Drivers/STM32L4xx_HAL_Driver/Src/stm32l4xx_hal_rng.o
 .ARM.attributes
                0x0000000000000283       0x30 ./Drivers/STM32L4xx_HAL_Driver/Src/stm32l4xx_hal_spi.o
 .ARM.attributes
                0x00000000000002b3       0x30 ./Drivers/STM32L4xx_HAL_Driver/Src/stm32l4xx_hal_tim.o
 .ARM.attributes
                0x00000000000002e3       0x30 ./Drivers/STM32L4xx_HAL_Driver/Src/stm32l4xx_hal_tim_ex.o
 .ARM.attributes
                0x0000000000000313       0x34 /opt/st/stm32cubeide_1.8.0/plugins/com.st.stm32cube.ide.mcu.externaltools.gnu-tools-for-stm32.9-2020-q2-update.linux64_2.0.0.202105311346/tools/bin/../lib/gcc/arm-none-eabi/9.3.1/../../../../arm-none-eabi/lib/thumb/v7e-m+fp/hard/libc_nano.a(lib_a-init.o)
 .ARM.attributes
                0x0000000000000347       0x34 /opt/st/stm32cubeide_1.8.0/plugins/com.st.stm32cube.ide.mcu.externaltools.gnu-tools-for-stm32.9-2020-q2-update.linux64_2.0.0.202105311346/tools/bin/../lib/gcc/arm-none-eabi/9.3.1/../../../../arm-none-eabi/lib/thumb/v7e-m+fp/hard/libc_nano.a(lib_a-memset.o)
 .ARM.attributes
                0x000000000000037b       0x1e /opt/st/stm32cubeide_1.8.0/plugins/com.st.stm32cube.ide.mcu.externaltools.gnu-tools-for-stm32.9-2020-q2-update.linux64_2.0.0.202105311346/tools/bin/../lib/gcc/arm-none-eabi/9.3.1/thumb/v7e-m+fp/hard/crtn.o
OUTPUT(random.elf elf32-littlearm)
LOAD linker stubs
LOAD /opt/st/stm32cubeide_1.8.0/plugins/com.st.stm32cube.ide.mcu.externaltools.gnu-tools-for-stm32.9-2020-q2-update.linux64_2.0.0.202105311346/tools/bin/../lib/gcc/arm-none-eabi/9.3.1/../../../../arm-none-eabi/lib/thumb/v7e-m+fp/hard/libc.a
LOAD /opt/st/stm32cubeide_1.8.0/plugins/com.st.stm32cube.ide.mcu.externaltools.gnu-tools-for-stm32.9-2020-q2-update.linux64_2.0.0.202105311346/tools/bin/../lib/gcc/arm-none-eabi/9.3.1/../../../../arm-none-eabi/lib/thumb/v7e-m+fp/hard/libm.a
LOAD /opt/st/stm32cubeide_1.8.0/plugins/com.st.stm32cube.ide.mcu.externaltools.gnu-tools-for-stm32.9-2020-q2-update.linux64_2.0.0.202105311346/tools/bin/../lib/gcc/arm-none-eabi/9.3.1/thumb/v7e-m+fp/hard/libgcc.a

.comment        0x0000000000000000       0x53
 .comment       0x0000000000000000       0x53 ./Core/Src/main.o
                                         0x54 (size before relaxing)
 .comment       0x0000000000000053       0x54 ./Core/Src/stm32l4xx_hal_msp.o
 .comment       0x0000000000000053       0x54 ./Core/Src/stm32l4xx_it.o
 .comment       0x0000000000000053       0x54 ./Core/Src/system_stm32l4xx.o
 .comment       0x0000000000000053       0x54 ./Drivers/STM32L4xx_HAL_Driver/Src/stm32l4xx_hal.o
 .comment       0x0000000000000053       0x54 ./Drivers/STM32L4xx_HAL_Driver/Src/stm32l4xx_hal_cortex.o
 .comment       0x0000000000000053       0x54 ./Drivers/STM32L4xx_HAL_Driver/Src/stm32l4xx_hal_gpio.o
 .comment       0x0000000000000053       0x54 ./Drivers/STM32L4xx_HAL_Driver/Src/stm32l4xx_hal_pwr_ex.o
 .comment       0x0000000000000053       0x54 ./Drivers/STM32L4xx_HAL_Driver/Src/stm32l4xx_hal_rcc.o
 .comment       0x0000000000000053       0x54 ./Drivers/STM32L4xx_HAL_Driver/Src/stm32l4xx_hal_rcc_ex.o
 .comment       0x0000000000000053       0x54 ./Drivers/STM32L4xx_HAL_Driver/Src/stm32l4xx_hal_rng.o
 .comment       0x0000000000000053       0x54 ./Drivers/STM32L4xx_HAL_Driver/Src/stm32l4xx_hal_spi.o
 .comment       0x0000000000000053       0x54 ./Drivers/STM32L4xx_HAL_Driver/Src/stm32l4xx_hal_tim.o
 .comment       0x0000000000000053       0x54 ./Drivers/STM32L4xx_HAL_Driver/Src/stm32l4xx_hal_tim_ex.o

.debug_frame    0x0000000000000000       0x4c
 .debug_frame   0x0000000000000000       0x2c /opt/st/stm32cubeide_1.8.0/plugins/com.st.stm32cube.ide.mcu.externaltools.gnu-tools-for-stm32.9-2020-q2-update.linux64_2.0.0.202105311346/tools/bin/../lib/gcc/arm-none-eabi/9.3.1/../../../../arm-none-eabi/lib/thumb/v7e-m+fp/hard/libc_nano.a(lib_a-init.o)
 .debug_frame   0x000000000000002c       0x20 /opt/st/stm32cubeide_1.8.0/plugins/com.st.stm32cube.ide.mcu.externaltools.gnu-tools-for-stm32.9-2020-q2-update.linux64_2.0.0.202105311346/tools/bin/../lib/gcc/arm-none-eabi/9.3.1/../../../../arm-none-eabi/lib/thumb/v7e-m+fp/hard/libc_nano.a(lib_a-memset.o)
