rng_handler.cpp:20:1:tkrandom::RngHandler::RngHandler(tkrandom::Generator&, tkrandom::Transmitter&)	24	static
rng_handler.cpp:33:6:void tkrandom::RngHandler::Init()	16	static
rng_handler.cpp:38:18:tkrandom::RngHandlerStatus tkrandom::RngHandler::SetOutputsLeds(bool, bool)	24	static
rng_handler.cpp:74:6:void tkrandom::RngHandler::SetDistribution(tkrandom::Output, tkrandom::Distribution)	24	static
rng_handler.cpp:95:18:tkrandom::RngHandlerStatus tkrandom::RngHandler::FillBuffers()	32	static
rng_handler.cpp:127:19:tkrandom::TransmitterStatus tkrandom::RngHandler::SetOutputs123()	32	static
rng_handler.cpp:144:19:tkrandom::TransmitterStatus tkrandom::RngHandler::SetLeds123()	32	static
rng_handler.cpp:163:19:tkrandom::TransmitterStatus tkrandom::RngHandler::SetOutput4()	24	static
rng_handler.cpp:168:19:tkrandom::TransmitterStatus tkrandom::RngHandler::SetLed4()	24	static
rng_handler.cpp:173:6:void tkrandom::RngHandler::RollbackBufferIndexes(bool, bool)	24	static
rng_handler.cpp:199:14:tkrandom::Distribution tkrandom::RngHandler::GetDistribution(tkrandom::Output) const	24	static
rng_handler.cpp:222:10:uint16_t tkrandom::RngHandler::GetRandomNumber(tkrandom::Output)	24	static
rng_handler.cpp:237:6:void tkrandom::RngHandler::ProcessTick()	16	static
